// Jest Snapshot v1, https://goo.gl/fbAQLP

exports[`Should render testCard list 1`] = `
<View
  style={
    {
      "alignItems": "center",
      "backgroundColor": "#FFFFFF",
      "flexDirection": "row",
      "height": 71,
      "justifyContent": "space-between",
      "paddingHorizontal": 15,
      "width": "100%",
    }
  }
>
  <Text
    style={
      {
        "color": "#000000",
        "fontSize": 14,
        "fontWeight": "600",
      }
    }
  >
    Node.js
  </Text>
  <Text
    style={
      {
        "color": "#000000",
        "fontSize": 14,
        "fontWeight": "500",
      }
    }
  >
    General questions about Node.js
  </Text>
  <View
    style={
      {
        "alignItems": "center",
        "justifyContent": "center",
      }
    }
  >
    <View
      accessible={true}
      collapsable={false}
      focusable={true}
      onClick={[Function]}
      onResponderGrant={[Function]}
      onResponderMove={[Function]}
      onResponderRelease={[Function]}
      onResponderTerminate={[Function]}
      onResponderTerminationRequest={[Function]}
      onStartShouldSetResponder={[Function]}
      style={
        {
          "alignItems": "center",
          "backgroundColor": "#2D3E6B",
          "borderRadius": 20,
          "height": 38,
          "justifyContent": "center",
          "opacity": 1,
          "paddingHorizontal": 14,
        }
      }
    >
      <Text
        style={
          [
            {
              "fontFamily": "Montserrat-Regular",
              "fontSize": 14,
            },
            {
              "color": "#FFFFFF",
            },
          ]
        }
      >
        Start
      </Text>
    </View>
  </View>
</View>
`;
