// Jest Snapshot v1, https://goo.gl/fbAQLP

exports[`Should render switchSelectors list 1`] = `
<View
  style={
    {
      "width": "100%",
    }
  }
>
  <View
    accessibilityLabel={null}
    style={
      [
        {
          "flexDirection": "row",
        },
        {},
      ]
    }
    testID={null}
  >
    <View
      onMoveShouldSetResponder={[Function]}
      onMoveShouldSetResponderCapture={[Function]}
      onResponderEnd={[Function]}
      onResponderGrant={[Function]}
      onResponderMove={[Function]}
      onResponderReject={[Function]}
      onResponderRelease={[Function]}
      onResponderStart={[Function]}
      onResponderTerminate={[Function]}
      onResponderTerminationRequest={[Function]}
      onStartShouldSetResponder={[Function]}
      onStartShouldSetResponderCapture={[Function]}
      style={
        {
          "flex": 1,
        }
      }
    >
      <View
        onLayout={[Function]}
        style={
          {
            "backgroundColor": "#FFFFFF",
            "borderRadius": 50,
            "height": 40,
          }
        }
      >
        <View
          style={
            {
              "alignItems": "center",
              "borderColor": "#EAEAEA",
              "borderRadius": 50,
              "borderWidth": 1,
              "flex": 1,
              "flexDirection": "row",
            }
          }
        >
          <View
            accessible={true}
            collapsable={false}
            focusable={true}
            onClick={[Function]}
            onResponderGrant={[Function]}
            onResponderMove={[Function]}
            onResponderRelease={[Function]}
            onResponderTerminate={[Function]}
            onResponderTerminationRequest={[Function]}
            onStartShouldSetResponder={[Function]}
            style={
              {
                "alignItems": "center",
                "flex": 1,
                "flexDirection": "row",
                "justifyContent": "center",
                "opacity": 1,
              }
            }
          >
            <Text
              style={
                [
                  {
                    "backgroundColor": "transparent",
                    "color": "#FFFFFF",
                    "fontSize": 14,
                    "fontWeight": "normal",
                    "textAlign": "center",
                  },
                  {},
                ]
              }
            >
              Easy
            </Text>
          </View>
          <View
            accessible={true}
            collapsable={false}
            focusable={true}
            onClick={[Function]}
            onResponderGrant={[Function]}
            onResponderMove={[Function]}
            onResponderRelease={[Function]}
            onResponderTerminate={[Function]}
            onResponderTerminationRequest={[Function]}
            onStartShouldSetResponder={[Function]}
            style={
              {
                "alignItems": "center",
                "flex": 1,
                "flexDirection": "row",
                "justifyContent": "center",
                "opacity": 1,
              }
            }
          >
            <Text
              style={
                [
                  {
                    "backgroundColor": "transparent",
                    "color": "#000000",
                    "fontSize": 14,
                    "fontWeight": "normal",
                    "textAlign": "center",
                  },
                  {},
                ]
              }
            >
              Medium
            </Text>
          </View>
          <View
            accessible={true}
            collapsable={false}
            focusable={true}
            onClick={[Function]}
            onResponderGrant={[Function]}
            onResponderMove={[Function]}
            onResponderRelease={[Function]}
            onResponderTerminate={[Function]}
            onResponderTerminationRequest={[Function]}
            onStartShouldSetResponder={[Function]}
            style={
              {
                "alignItems": "center",
                "flex": 1,
                "flexDirection": "row",
                "justifyContent": "center",
                "opacity": 1,
              }
            }
          >
            <Text
              style={
                [
                  {
                    "backgroundColor": "transparent",
                    "color": "#000000",
                    "fontSize": 14,
                    "fontWeight": "normal",
                    "textAlign": "center",
                  },
                  {},
                ]
              }
            >
              Hard
            </Text>
          </View>
        </View>
      </View>
    </View>
  </View>
</View>
`;
