// Jest Snapshot v1, https://goo.gl/fbAQLP

exports[`timer snapshot 1`] = `
<View
  style={
    [
      {
        "display": "flex",
        "flexDirection": "row",
        "justifyContent": "center",
      },
    ]
  }
>
  <Text
    style={
      [
        {
          "color": "#000000",
          "fontFamily": "Montserrat-Regular",
          "fontSize": 30,
          "fontWeight": "500",
        },
      ]
    }
  >
    10
  </Text>
  <Text
    style={
      [
        {
          "color": "#000000",
          "fontFamily": "Montserrat-Regular",
          "fontSize": 30,
          "fontWeight": "500",
        },
      ]
    }
  >
     : 
  </Text>
  <Text
    style={
      [
        {
          "color": "#000000",
          "fontFamily": "Montserrat-Regular",
          "fontSize": 30,
          "fontWeight": "500",
        },
      ]
    }
  >
    00
  </Text>
</View>
`;
